------------------------------------------03-04-2024 15:26:48------------------------------------------
UserOperationsBL=>CreateUser=>Started
------------------------------------------03-04-2024 15:26:53------------------------------------------
UserOperationsBL=>CreateUser=>ExceptionThe type initializer for 'LIBRARY.Connection' threw an exception.   at BL.UserBL.UserOperation(UserEntity objEntity) in C:\Users\LENOVO\source\repos\Event_Manager\BL\UserBL.cs:line 27
------------------------------------------03-04-2024 15:28:18------------------------------------------
UserOperationsBL=>CreateUser=>Started
------------------------------------------03-04-2024 15:28:19------------------------------------------
UserOperationsBL=>CreateUser=>ExceptionCannot insert the value NULL into column 'IsActive', table 'Event_Handling.dbo.tbl_Users'; column does not allow nulls. INSERT fails.
The statement has been terminated.   at System.Data.SqlClient.SqlConnection.OnError(SqlException exception, Boolean breakConnection, Action`1 wrapCloseInAction)
   at System.Data.SqlClient.TdsParser.ThrowExceptionAndWarning(TdsParserStateObject stateObj, Boolean callerHasConnectionLock, Boolean asyncClose)
   at System.Data.SqlClient.TdsParser.TryRun(RunBehavior runBehavior, SqlCommand cmdHandler, SqlDataReader dataStream, BulkCopySimpleResultSet bulkCopyHandler, TdsParserStateObject stateObj, Boolean& dataReady)
   at System.Data.SqlClient.SqlDataReader.TryConsumeMetaData()
   at System.Data.SqlClient.SqlDataReader.get_MetaData()
   at System.Data.SqlClient.SqlCommand.FinishExecuteReader(SqlDataReader ds, RunBehavior runBehavior, String resetOptionsString, Boolean isInternal, Boolean forDescribeParameterEncryption, Boolean shouldCacheForAlwaysEncrypted)
   at System.Data.SqlClient.SqlCommand.RunExecuteReaderTds(CommandBehavior cmdBehavior, RunBehavior runBehavior, Boolean returnStream, Boolean async, Int32 timeout, Task& task, Boolean asyncWrite, Boolean inRetry, SqlDataReader ds, Boolean describeParameterEncryptionRequest)
   at System.Data.SqlClient.SqlCommand.RunExecuteReader(CommandBehavior cmdBehavior, RunBehavior runBehavior, Boolean returnStream, String method, TaskCompletionSource`1 completion, Int32 timeout, Task& task, Boolean& usedCache, Boolean asyncWrite, Boolean inRetry)
   at System.Data.SqlClient.SqlCommand.RunExecuteReader(CommandBehavior cmdBehavior, RunBehavior runBehavior, Boolean returnStream, String method)
   at System.Data.SqlClient.SqlCommand.ExecuteReader(CommandBehavior behavior, String method)
   at System.Data.Common.DbDataAdapter.FillInternal(DataSet dataset, DataTable[] datatables, Int32 startRecord, Int32 maxRecords, String srcTable, IDbCommand command, CommandBehavior behavior)
   at System.Data.Common.DbDataAdapter.Fill(DataSet dataSet, Int32 startRecord, Int32 maxRecords, String srcTable, IDbCommand command, CommandBehavior behavior)
   at System.Data.Common.DbDataAdapter.Fill(DataSet dataSet)
   at LIBRARY.SqlHelper.ExecuteDataset(SqlConnection connection, CommandType commandType, String commandText, SqlParameter[] commandParameters) in C:\Users\LENOVO\source\repos\Event_Manager\Library\SqlHelper.cs:line 577
   at LIBRARY.SqlHelper.ExecuteDataset(String connectionString, CommandType commandType, String commandText, SqlParameter[] commandParameters) in C:\Users\LENOVO\source\repos\Event_Manager\Library\SqlHelper.cs:line 489
   at LIBRARY.SqlHelper.ExecuteDataset(String connectionString, String spName, Object[] parameterValues) in C:\Users\LENOVO\source\repos\Event_Manager\Library\SqlHelper.cs:line 523
   at BL.UserBL.UserOperation(UserEntity objEntity) in C:\Users\LENOVO\source\repos\Event_Manager\BL\UserBL.cs:line 39
------------------------------------------03-04-2024 15:29:33------------------------------------------
UserOperationsBL=>CreateUser=>Started
------------------------------------------03-04-2024 15:30:13------------------------------------------
UserOperationsBL=>CreateUser=>ExceptionCannot insert the value NULL into column 'IsActive', table 'Event_Handling.dbo.tbl_Users'; column does not allow nulls. INSERT fails.
The statement has been terminated.   at System.Data.SqlClient.SqlConnection.OnError(SqlException exception, Boolean breakConnection, Action`1 wrapCloseInAction)
   at System.Data.SqlClient.TdsParser.ThrowExceptionAndWarning(TdsParserStateObject stateObj, Boolean callerHasConnectionLock, Boolean asyncClose)
   at System.Data.SqlClient.TdsParser.TryRun(RunBehavior runBehavior, SqlCommand cmdHandler, SqlDataReader dataStream, BulkCopySimpleResultSet bulkCopyHandler, TdsParserStateObject stateObj, Boolean& dataReady)
   at System.Data.SqlClient.SqlDataReader.TryConsumeMetaData()
   at System.Data.SqlClient.SqlDataReader.get_MetaData()
   at System.Data.SqlClient.SqlCommand.FinishExecuteReader(SqlDataReader ds, RunBehavior runBehavior, String resetOptionsString, Boolean isInternal, Boolean forDescribeParameterEncryption, Boolean shouldCacheForAlwaysEncrypted)
   at System.Data.SqlClient.SqlCommand.RunExecuteReaderTds(CommandBehavior cmdBehavior, RunBehavior runBehavior, Boolean returnStream, Boolean async, Int32 timeout, Task& task, Boolean asyncWrite, Boolean inRetry, SqlDataReader ds, Boolean describeParameterEncryptionRequest)
   at System.Data.SqlClient.SqlCommand.RunExecuteReader(CommandBehavior cmdBehavior, RunBehavior runBehavior, Boolean returnStream, String method, TaskCompletionSource`1 completion, Int32 timeout, Task& task, Boolean& usedCache, Boolean asyncWrite, Boolean inRetry)
   at System.Data.SqlClient.SqlCommand.RunExecuteReader(CommandBehavior cmdBehavior, RunBehavior runBehavior, Boolean returnStream, String method)
   at System.Data.SqlClient.SqlCommand.ExecuteReader(CommandBehavior behavior, String method)
   at System.Data.Common.DbDataAdapter.FillInternal(DataSet dataset, DataTable[] datatables, Int32 startRecord, Int32 maxRecords, String srcTable, IDbCommand command, CommandBehavior behavior)
   at System.Data.Common.DbDataAdapter.Fill(DataSet dataSet, Int32 startRecord, Int32 maxRecords, String srcTable, IDbCommand command, CommandBehavior behavior)
   at System.Data.Common.DbDataAdapter.Fill(DataSet dataSet)
   at LIBRARY.SqlHelper.ExecuteDataset(SqlConnection connection, CommandType commandType, String commandText, SqlParameter[] commandParameters) in C:\Users\LENOVO\source\repos\Event_Manager\Library\SqlHelper.cs:line 577
   at LIBRARY.SqlHelper.ExecuteDataset(String connectionString, CommandType commandType, String commandText, SqlParameter[] commandParameters) in C:\Users\LENOVO\source\repos\Event_Manager\Library\SqlHelper.cs:line 489
   at LIBRARY.SqlHelper.ExecuteDataset(String connectionString, String spName, Object[] parameterValues) in C:\Users\LENOVO\source\repos\Event_Manager\Library\SqlHelper.cs:line 523
   at BL.UserBL.UserOperation(UserEntity objEntity) in C:\Users\LENOVO\source\repos\Event_Manager\BL\UserBL.cs:line 39
------------------------------------------03-04-2024 15:30:19------------------------------------------
UserOperationsBL=>CreateUser=>Started
------------------------------------------03-04-2024 15:31:51------------------------------------------
UserOperationsBL=>CreateUser=>Started
------------------------------------------03-04-2024 15:32:06------------------------------------------
UserOperationsBL=>CreateUser=>Started
------------------------------------------03-04-2024 16:15:15------------------------------------------
AdminOperationsBL=>CreateAdmin=>Started
------------------------------------------03-04-2024 16:15:16------------------------------------------
AdminOperationsBL=>CreateAdmin=>ExceptionThe stored procedure 'sp_AdminOperation' doesn't exist.   at System.Data.SqlClient.SqlCommand.DeriveParameters()
   at System.Data.SqlClient.SqlCommandBuilder.DeriveParameters(SqlCommand command)
   at LIBRARY.SqlHelperParameterCache.DiscoverSpParameterSet(SqlConnection connection, String spName, Boolean includeReturnValueParameter) in C:\Users\LENOVO\source\repos\Event_Manager\Library\SqlHelper.cs:line 2469
   at LIBRARY.SqlHelperParameterCache.GetSpParameterSetInternal(SqlConnection connection, String spName, Boolean includeReturnValueParameter) in C:\Users\LENOVO\source\repos\Event_Manager\Library\SqlHelper.cs:line 2641
   at LIBRARY.SqlHelperParameterCache.GetSpParameterSet(String connectionString, String spName, Boolean includeReturnValueParameter) in C:\Users\LENOVO\source\repos\Event_Manager\Library\SqlHelper.cs:line 2585
   at LIBRARY.SqlHelperParameterCache.GetSpParameterSet(String connectionString, String spName) in C:\Users\LENOVO\source\repos\Event_Manager\Library\SqlHelper.cs:line 2565
   at LIBRARY.SqlHelper.ExecuteDataset(String connectionString, String spName, Object[] parameterValues) in C:\Users\LENOVO\source\repos\Event_Manager\Library\SqlHelper.cs:line 517
   at BL.AdminBL.AdminOperation(AdminEntity objEntity) in C:\Users\LENOVO\source\repos\Event_Manager\BL\AdminBL.cs:line 39
------------------------------------------03-04-2024 16:15:45------------------------------------------
AdminOperationsBL=>CreateAdmin=>Started
------------------------------------------03-04-2024 16:16:43------------------------------------------
AdminOperationsBL=>CreateAdmin=>Started
------------------------------------------03-04-2024 16:42:22------------------------------------------
AdminOperationsBL=>CreateAdmin=>Started
------------------------------------------03-04-2024 16:42:37------------------------------------------
AdminOperationsBL=>CreateAdmin=>Started
------------------------------------------03-04-2024 17:09:00------------------------------------------
AdminOperationsBL=>CreateAdmin=>Started
------------------------------------------03-04-2024 18:35:08------------------------------------------
AdminController=>AdminOperation=>Request{"flag":"INSERT","Event_Name":"Holi","Event_Start_Date":"2024-04-03 18:54:38.507","Event_End_Date":"2024-04-04 18:34:38.507","Event_Image":"123456","Event_Description":"9313695901"}
------------------------------------------03-04-2024 18:35:08------------------------------------------
EventBL=>EventOperation=>Started
------------------------------------------03-04-2024 18:35:08------------------------------------------
EventBL=>EventOperation=>ExceptionThe stored procedure 'sp_EventOperation' doesn't exist.   at System.Data.SqlClient.SqlCommand.DeriveParameters()
   at System.Data.SqlClient.SqlCommandBuilder.DeriveParameters(SqlCommand command)
   at LIBRARY.SqlHelperParameterCache.DiscoverSpParameterSet(SqlConnection connection, String spName, Boolean includeReturnValueParameter) in C:\Users\LENOVO\source\repos\Event_Manager\Library\SqlHelper.cs:line 2469
   at LIBRARY.SqlHelperParameterCache.GetSpParameterSetInternal(SqlConnection connection, String spName, Boolean includeReturnValueParameter) in C:\Users\LENOVO\source\repos\Event_Manager\Library\SqlHelper.cs:line 2641
   at LIBRARY.SqlHelperParameterCache.GetSpParameterSet(String connectionString, String spName, Boolean includeReturnValueParameter) in C:\Users\LENOVO\source\repos\Event_Manager\Library\SqlHelper.cs:line 2585
   at LIBRARY.SqlHelperParameterCache.GetSpParameterSet(String connectionString, String spName) in C:\Users\LENOVO\source\repos\Event_Manager\Library\SqlHelper.cs:line 2565
   at LIBRARY.SqlHelper.ExecuteDataset(String connectionString, String spName, Object[] parameterValues) in C:\Users\LENOVO\source\repos\Event_Manager\Library\SqlHelper.cs:line 517
   at BL.EventBL.EventOperation(EventEntity objEntity) in C:\Users\LENOVO\source\repos\Event_Manager\BL\EventBL.cs:line 39
------------------------------------------03-04-2024 18:35:26------------------------------------------
AdminController=>AdminOperation=>Request{"flag":"INSERT","Event_Name":"Holi","Event_Start_Date":"2024-04-03 18:54:38.507","Event_End_Date":"2024-04-04 18:34:38.507","Event_Image":"123456","Event_Description":"9313695901"}
------------------------------------------03-04-2024 18:35:30------------------------------------------
EventBL=>EventOperation=>Started
------------------------------------------03-04-2024 18:37:30------------------------------------------
EventBL=>EventOperation=>ExceptionThe stored procedure 'sp_EventOperation' doesn't exist.   at System.Data.SqlClient.SqlCommand.DeriveParameters()
   at System.Data.SqlClient.SqlCommandBuilder.DeriveParameters(SqlCommand command)
   at LIBRARY.SqlHelperParameterCache.DiscoverSpParameterSet(SqlConnection connection, String spName, Boolean includeReturnValueParameter) in C:\Users\LENOVO\source\repos\Event_Manager\Library\SqlHelper.cs:line 2469
   at LIBRARY.SqlHelperParameterCache.GetSpParameterSetInternal(SqlConnection connection, String spName, Boolean includeReturnValueParameter) in C:\Users\LENOVO\source\repos\Event_Manager\Library\SqlHelper.cs:line 2641
   at LIBRARY.SqlHelperParameterCache.GetSpParameterSet(String connectionString, String spName, Boolean includeReturnValueParameter) in C:\Users\LENOVO\source\repos\Event_Manager\Library\SqlHelper.cs:line 2585
   at LIBRARY.SqlHelperParameterCache.GetSpParameterSet(String connectionString, String spName) in C:\Users\LENOVO\source\repos\Event_Manager\Library\SqlHelper.cs:line 2565
   at LIBRARY.SqlHelper.ExecuteDataset(String connectionString, String spName, Object[] parameterValues) in C:\Users\LENOVO\source\repos\Event_Manager\Library\SqlHelper.cs:line 517
   at BL.EventBL.EventOperation(EventEntity objEntity)
------------------------------------------03-04-2024 18:37:40------------------------------------------
AdminController=>AdminOperation=>Request{"flag":"INSERT","Event_Name":"Holi","Event_Start_Date":"2024-04-03 18:54:38.507","Event_End_Date":"2024-04-04 18:34:38.507","Event_Image":"123456","Event_Description":"9313695901"}
------------------------------------------03-04-2024 18:37:44------------------------------------------
EventBL=>EventOperation=>Started
------------------------------------------03-04-2024 18:38:20------------------------------------------
AdminController=>AdminOperation=>Request{"flag":"SELECT","Event_Name":"Holi","Event_Start_Date":"2024-04-03 18:54:38.507","Event_End_Date":"2024-04-04 18:34:38.507","Event_Image":"123456","Event_Description":"9313695901"}
------------------------------------------03-04-2024 18:38:20------------------------------------------
EventBL=>EventOperation=>Started
------------------------------------------03-04-2024 18:38:41------------------------------------------
AdminController=>AdminOperation=>Request{"flag":"SELECT","Event_Name":"Holi","Event_Start_Date":"2024-04-03 18:54:38.507","Event_End_Date":"2024-04-04 18:34:38.507","Event_Image":"123456","Event_Description":"9313695901"}
------------------------------------------03-04-2024 18:38:45------------------------------------------
EventBL=>EventOperation=>Started
------------------------------------------03-04-2024 18:42:04------------------------------------------
AdminController=>AdminOperation=>Request{"flag":"INSERT","Event_Name":"Diwali","Event_Start_Date":"2024-05-03 18:54:38.507","Event_End_Date":"2024-05-04 18:34:38.507","Event_Image":"123456","Event_Description":"9313695901"}
------------------------------------------03-04-2024 18:42:08------------------------------------------
EventBL=>EventOperation=>Started
------------------------------------------03-04-2024 18:53:51------------------------------------------
AdminController=>AdminOperation=>Request{"flag":"PUBLISH","Event_Name":null,"Event_Start_Date":null,"Event_End_Date":null,"Event_Image":null,"Event_Description":null}
------------------------------------------03-04-2024 18:53:51------------------------------------------
EventBL=>EventOperation=>Started
------------------------------------------03-04-2024 18:54:22------------------------------------------
AdminController=>AdminOperation=>Request{"flag":"SELECT","Event_Name":null,"Event_Start_Date":null,"Event_End_Date":null,"Event_Image":null,"Event_Description":null}
------------------------------------------03-04-2024 18:54:22------------------------------------------
EventBL=>EventOperation=>Started
------------------------------------------03-04-2024 18:55:11------------------------------------------
AdminController=>AdminOperation=>Request{"flag":"SELECTNAME","Event_Name":null,"Event_Start_Date":null,"Event_End_Date":null,"Event_Image":null,"Event_Description":null}
------------------------------------------03-04-2024 18:55:11------------------------------------------
EventBL=>EventOperation=>Started
